00:11:28.564  -----Begin Post Process Script------
00:11:28.564  
00:11:28.564  
